// Jest Snapshot v1, https://goo.gl/fbAQLP

exports[`Main Title Component should match snapshot 1`] = `
.c0 {
  font-size: 1.5em;
  text-align: center;
  color: #db7093;
}

<h1
  className="c0"
>
  title
</h1>
`;
