// Jest Snapshot v1, https://goo.gl/fbAQLP

exports[`Dynamic component test suite should match snapshot 1`] = `
<div
  className="dynamic-component"
>
  <p
    className="example-content"
  >
    Example content
  </p>
</div>
`;
