// Jest Snapshot v1, https://goo.gl/fbAQLP

exports[`Articles component test suite should match snapshot 1`] = `null`;
