// Jest Snapshot v1, https://goo.gl/fbAQLP

exports[`Articles component test suite should match snapshot 1`] = `
<div
  className="sc-ifAKCX gNffHp main-page"
>
  <div
    className="sc-bZQynM iCDVNC"
  >
    <h1
      className="sc-bwzfXH jpDOdg"
    >
      Time for new information
    </h1>
  </div>
  <div
    className="sc-EHOje dsHwTr"
  >
    <div
      className="sc-kGXeez clzERL filters-wrapper"
    >
      <div
        className="sc-kpOJdX bSXoFX filters"
      >
        <select
          className="sc-cSHVUG fmIWdR filter"
          id="select-date"
          name="date"
          onChange={[Function]}
        >
          <option
            value=""
          />
          <option
            value="today"
          >
            Today
          </option>
          <option
            value="week"
          >
            Last week
          </option>
          <option
            value="month"
          >
            Last month
          </option>
        </select>
        <select
          className="sc-cSHVUG fmIWdR filter"
          id="select-topic"
          name="topic"
          onChange={[Function]}
        >
          <option
            value=""
          />
          <option
            value="sport"
          >
            Sport
          </option>
          <option
            value="fashion"
          >
            Fashion
          </option>
          <option
            value="design"
          >
            Design
          </option>
          <option
            value="literature"
          >
            Literature
          </option>
        </select>
        <select
          className="sc-cSHVUG fmIWdR filter"
          id="select-sort"
          name="sortBy"
          onChange={[Function]}
        >
          <option
            value=""
          />
          <option
            value="popularity"
          >
            Popularity
          </option>
          <option
            value="writenIn"
          >
            WritenIn
          </option>
          <option
            value="publishedAt"
          >
            PublishedAt
          </option>
        </select>
      </div>
      <div
        className="sc-kgoBCf bEZFBp filter-button"
      >
        <button
          className="sc-bdVaJa bIzCMS"
          color="#fff"
          onClick={[Function]}
          type="button"
        >
          Clear
        </button>
      </div>
    </div>
    <div
      className="sc-kAzzGY chkwkL articles"
    >
      <div
        className="sc-chPdSV xGLbF"
      >
        <img
          alt="Formel E: Nur Marketing-Event oder ernsthafter Motorsport?"
          className="sc-gzVnrw jVNOTN"
          src="https://media0.faz.net/ppmedia/aktuell/sport/287963728/1.6501020/facebook_teaser_fplus/bekommen-sie-die-kurve-die.jpg"
        />
        <p
          className="sc-gZMcBi fqZlMc"
        >
          2019, Nov 24 
        </p>
        <p
          className="sc-gZMcBi sc-VigVT fTLbYf"
        >
          Michael Wittershagen
        </p>
        <p
          className="sc-fjdhpX gxhidL"
        >
          Formel E: Nur Marketing-Event oder ernsthafter Motorsport?
        </p>
        <p
          className="sc-htoDjs bjXPgk"
        >
          Sorgt die Formel E wirklich für eine saubere Zukunft? Die Gegenwart ist es jedenfalls nicht. Und wieso startet die Rennserie im umstrittenen Saudi-Arabien? Ein widersprüchlicheres Sportereignis ist schwer vorstellbar.
        </p>
        <a
          className="sc-dxgOiQ eLmpSD article-button"
          href="/details/:formel-e:-nur-marketing-event-oder-ernsthafter-motorsport?"
          onClick={[Function]}
        >
          Know more
        </a>
      </div>
      <div
        className="sc-chPdSV xGLbF"
      >
        <img
          alt="Formel E: Nur Marketing-Event oder ernsthafter Motorsport?"
          className="sc-gzVnrw jVNOTN"
          src="https://media0.faz.net/ppmedia/aktuell/sport/287963728/1.6501020/facebook_teaser_fplus/bekommen-sie-die-kurve-die.jpg"
        />
        <p
          className="sc-gZMcBi fqZlMc"
        >
          2019, Nov 24 
        </p>
        <p
          className="sc-gZMcBi sc-VigVT fTLbYf"
        >
          Michael Wittershagen
        </p>
        <p
          className="sc-fjdhpX gxhidL"
        >
          Formel E: Nur Marketing-Event oder ernsthafter Motorsport?
        </p>
        <p
          className="sc-htoDjs bjXPgk"
        >
          Sorgt die Formel E wirklich für eine saubere Zukunft? Die Gegenwart ist es jedenfalls nicht. Und wieso startet die Rennserie im umstrittenen Saudi-Arabien? Ein widersprüchlicheres Sportereignis ist schwer vorstellbar.
        </p>
        <a
          className="sc-dxgOiQ eLmpSD article-button"
          href="/details/:formel-e:-nur-marketing-event-oder-ernsthafter-motorsport?"
          onClick={[Function]}
        >
          Know more
        </a>
      </div>
      <div
        className="sc-chPdSV xGLbF"
      >
        <img
          alt="Formel E: Nur Marketing-Event oder ernsthafter Motorsport?"
          className="sc-gzVnrw jVNOTN"
          src="https://media0.faz.net/ppmedia/aktuell/sport/287963728/1.6501020/facebook_teaser_fplus/bekommen-sie-die-kurve-die.jpg"
        />
        <p
          className="sc-gZMcBi fqZlMc"
        >
          2019, Nov 24 
        </p>
        <p
          className="sc-gZMcBi sc-VigVT fTLbYf"
        >
          Michael Wittershagen
        </p>
        <p
          className="sc-fjdhpX gxhidL"
        >
          Formel E: Nur Marketing-Event oder ernsthafter Motorsport?
        </p>
        <p
          className="sc-htoDjs bjXPgk"
        >
          Sorgt die Formel E wirklich für eine saubere Zukunft? Die Gegenwart ist es jedenfalls nicht. Und wieso startet die Rennserie im umstrittenen Saudi-Arabien? Ein widersprüchlicheres Sportereignis ist schwer vorstellbar.
        </p>
        <a
          className="sc-dxgOiQ eLmpSD article-button"
          href="/details/:formel-e:-nur-marketing-event-oder-ernsthafter-motorsport?"
          onClick={[Function]}
        >
          Know more
        </a>
      </div>
      <div
        className="sc-chPdSV xGLbF"
      >
        <img
          alt="Formel E: Nur Marketing-Event oder ernsthafter Motorsport?"
          className="sc-gzVnrw jVNOTN"
          src="https://media0.faz.net/ppmedia/aktuell/sport/287963728/1.6501020/facebook_teaser_fplus/bekommen-sie-die-kurve-die.jpg"
        />
        <p
          className="sc-gZMcBi fqZlMc"
        >
          2019, Nov 24 
        </p>
        <p
          className="sc-gZMcBi sc-VigVT fTLbYf"
        >
          Michael Wittershagen
        </p>
        <p
          className="sc-fjdhpX gxhidL"
        >
          Formel E: Nur Marketing-Event oder ernsthafter Motorsport?
        </p>
        <p
          className="sc-htoDjs bjXPgk"
        >
          Sorgt die Formel E wirklich für eine saubere Zukunft? Die Gegenwart ist es jedenfalls nicht. Und wieso startet die Rennserie im umstrittenen Saudi-Arabien? Ein widersprüchlicheres Sportereignis ist schwer vorstellbar.
        </p>
        <a
          className="sc-dxgOiQ eLmpSD article-button"
          href="/details/:formel-e:-nur-marketing-event-oder-ernsthafter-motorsport?"
          onClick={[Function]}
        >
          Know more
        </a>
      </div>
      <div
        className="sc-chPdSV xGLbF"
      >
        <img
          alt="Formel E: Nur Marketing-Event oder ernsthafter Motorsport?"
          className="sc-gzVnrw jVNOTN"
          src="https://media0.faz.net/ppmedia/aktuell/sport/287963728/1.6501020/facebook_teaser_fplus/bekommen-sie-die-kurve-die.jpg"
        />
        <p
          className="sc-gZMcBi fqZlMc"
        >
          2019, Nov 24 
        </p>
        <p
          className="sc-gZMcBi sc-VigVT fTLbYf"
        >
          Michael Wittershagen
        </p>
        <p
          className="sc-fjdhpX gxhidL"
        >
          Formel E: Nur Marketing-Event oder ernsthafter Motorsport?
        </p>
        <p
          className="sc-htoDjs bjXPgk"
        >
          Sorgt die Formel E wirklich für eine saubere Zukunft? Die Gegenwart ist es jedenfalls nicht. Und wieso startet die Rennserie im umstrittenen Saudi-Arabien? Ein widersprüchlicheres Sportereignis ist schwer vorstellbar.
        </p>
        <a
          className="sc-dxgOiQ eLmpSD article-button"
          href="/details/:formel-e:-nur-marketing-event-oder-ernsthafter-motorsport?"
          onClick={[Function]}
        >
          Know more
        </a>
      </div>
    </div>
  </div>
</div>
`;
